;;; Setup Log File Opened 12/23/97 15:30:22

  User chose as destination directory: 'G:\ASTROW'
  May have had to create the directory: G:\ASTROW

;; CopyFilesInCopyList
[22] Using Windows VER.DLL to copy file: 'A:\ASTGLY.FO_',  to: 'G:\ASTROW\ASTGLY.FON'
[22] Using Windows VER.DLL to copy file: 'A:\WP5TOHED.EX_',  to: 'G:\ASTROW\WP5TOHED.EXE'
[22] Using Windows VER.DLL to copy file: 'A:\ASTRENGN.DL_',  to: 'G:\ASTROW\ASTRENGN.DLL'
[22] Using Windows VER.DLL to copy file: 'A:\ASTROW.EX_',  to: 'G:\ASTROW\ASTROW.EXE'
[22] Using Windows VER.DLL to copy file: 'A:\CJNPI1.TT_',  to: 'C:\WINDOWS\SYSTEM\CJNPI1.TTF'
[22] Using Windows VER.DLL to copy file: 'A:\ASTGLY.TT_',  to: 'C:\WINDOWS\SYSTEM\ASTGLY.TTF'
[22] Using Windows VER.DLL to copy file: 'A:\ASTPI1.TT_',  to: 'C:\WINDOWS\SYSTEM\ASTPI1.TTF'
[22] Using Windows VER.DLL to copy file: 'A:\ASTRO.OR_',  to: 'G:\ASTROW\ASTRO.ORB'
[22] Using Windows VER.DLL to copy file: 'A:\COMPASUM.ND_',  to: 'G:\ASTROW\COMPASUM.NDX'
[22] Using Windows VER.DLL to copy file: 'A:\SUMMARY.ND_',  to: 'G:\ASTROW\SUMMARY.NDX'
[22] Using Windows VER.DLL to copy file: 'A:\COMPAHSE.ND_',  to: 'G:\ASTROW\COMPAHSE.NDX'
[22] Using Windows VER.DLL to copy file: 'A:\COMPAT.TB_',  to: 'G:\ASTROW\COMPAT.TBL'
[22] Using Windows VER.DLL to copy file: 'A:\COSUMMR.TB_',  to: 'G:\ASTROW\COSUMMR.TBL'
[22] Using Windows VER.DLL to copy file: 'A:\HOUSES.ND_',  to: 'G:\ASTROW\HOUSES.NDX'
[22] Using Windows VER.DLL to copy file: 'A:\NUMERIC.TB_',  to: 'G:\ASTROW\NUMERIC.TBL'
[22] Using Windows VER.DLL to copy file: 'A:\RETURN.TB_',  to: 'G:\ASTROW\RETURN.TBL'
[22] Using Windows VER.DLL to copy file: 'A:\SIGHOUSE.ND_',  to: 'G:\ASTROW\SIGHOUSE.NDX'
[22] Using Windows VER.DLL to copy file: 'A:\SUMMARY.TB_',  to: 'G:\ASTROW\SUMMARY.TBL'
[22] Using Windows VER.DLL to copy file: 'A:\TRANSHSE.ND_',  to: 'G:\ASTROW\TRANSHSE.NDX'
[22] Using Windows VER.DLL to copy file: 'A:\COMPOS.TB_',  to: 'G:\ASTROW\COMPOS.TBL'
[22] Using Windows VER.DLL to copy file: 'A:\NATAL.TB_',  to: 'G:\ASTROW\NATAL.TBL'
[22] Using Windows VER.DLL to copy file: 'A:\ORBITELE.DA_',  to: 'G:\ASTROW\ORBITELE.DAT'
[22] Using Windows VER.DLL to copy file: 'A:\PLANETS.ND_',  to: 'G:\ASTROW\PLANETS.NDX'
[22] Using Windows VER.DLL to copy file: 'A:\PROGRESS.TB_',  to: 'G:\ASTROW\PROGRESS.TBL'
[22] Using Windows VER.DLL to copy file: 'A:\TRANSITR.TB_',  to: 'G:\ASTROW\TRANSITR.TBL'
[22] Using Windows VER.DLL to copy file: 'A:\GLOBAL.TB_',  to: 'G:\ASTROW\GLOBAL.TBL'
[22] Using Windows VER.DLL to copy file: 'A:\PROGRASP.ND_',  to: 'G:\ASTROW\PROGRASP.NDX'
[22] Using Windows VER.DLL to copy file: 'A:\TRANSASP.ND_',  to: 'G:\ASTROW\TRANSASP.NDX'
[22] Using Windows VER.DLL to copy file: 'A:\ASPECTS.ND_',  to: 'G:\ASTROW\ASPECTS.NDX'
[22] Using Windows VER.DLL to copy file: 'A:\COMPASUM.TX_',  to: 'G:\ASTROW\COMPASUM.TXT'
[22] Using Windows VER.DLL to copy file: 'A:\COMPAHSE.TX_',  to: 'G:\ASTROW\COMPAHSE.TXT'
[22] Using Windows VER.DLL to copy file: 'A:\SUMMARY.TX_',  to: 'G:\ASTROW\SUMMARY.TXT'
[22] Using Windows VER.DLL to copy file: 'A:\SIGHOUSE.TX_',  to: 'G:\ASTROW\SIGHOUSE.TXT'
[22] Using Windows VER.DLL to copy file: 'A:\TRANSHSE.TX_',  to: 'G:\ASTROW\TRANSHSE.TXT'
[22] Using Windows VER.DLL to copy file: 'A:\HOUSES.TX_',  to: 'G:\ASTROW\HOUSES.TXT'
[22] Using Windows VER.DLL to copy file: 'A:\PROGRASP.TX_',  to: 'G:\ASTROW\PROGRASP.TXT'
[22] Using Windows VER.DLL to copy file: 'A:\PLANETS.TX_',  to: 'G:\ASTROW\PLANETS.TXT'
[22] Using Windows VER.DLL to copy file: 'A:\TRANSASP.TX_',  to: 'G:\ASTROW\TRANSASP.TXT'
[22] Using Windows VER.DLL to copy file: 'A:\ASPECTS.TX_',  to: 'G:\ASTROW\ASPECTS.TXT'
[22] Using Windows VER.DLL to copy file: 'A:\ASTHLPER.DA_',  to: 'G:\ASTROW\ASTHLPER.DAT'
[22] Using Windows VER.DLL to copy file: 'A:\SCOUTPL.HL_',  to: 'G:\ASTROW\SCOUTPL.HLP'
[22] Using Windows VER.DLL to copy file: 'A:\RETROGRD.HL_',  to: 'G:\ASTROW\RETROGRD.HLP'
[22] Using Windows VER.DLL to copy file: 'A:\RISING.HL_',  to: 'G:\ASTROW\RISING.HLP'
[22] Using Windows VER.DLL to copy file: 'A:\ASPECTS.HL_',  to: 'G:\ASTROW\ASPECTS.HLP'
[22] Using Windows VER.DLL to copy file: 'A:\COMPATAB.HL_',  to: 'G:\ASTROW\COMPATAB.HLP'
[22] Using Windows VER.DLL to copy file: 'A:\HOUSES.HL_',  to: 'G:\ASTROW\HOUSES.HLP'
[22] Using Windows VER.DLL to copy file: 'A:\PLASIGNI.HL_',  to: 'G:\ASTROW\PLASIGNI.HLP'
[22] Using Windows VER.DLL to copy file: 'A:\FAMOUS.HL_',  to: 'G:\ASTROW\FAMOUS.HLP'
[22] Using Windows VER.DLL to copy file: 'A:\TRANSITS.HL_',  to: 'G:\ASTROW\TRANSITS.HLP'
[22] Using Windows VER.DLL to copy file: 'A:\PLANETS.HL_',  to: 'G:\ASTROW\PLANETS.HLP'
[22] Using Windows VER.DLL to copy file: 'A:\ASTROW.HL_',  to: 'G:\ASTROW\ASTROW.HLP'
[22] Using Windows VER.DLL to copy file: 'A:\COMPA3X.GR_',  to: 'G:\ASTROW\COMPA3X.GRA'
[22] Using Windows VER.DLL to copy file: 'A:\NATAL0X.GR_',  to: 'G:\ASTROW\NATAL0X.GRA'
[22] Using Windows VER.DLL to copy file: 'A:\NATAL2X.GR_',  to: 'G:\ASTROW\NATAL2X.GRA'
[22] Using Windows VER.DLL to copy file: 'A:\NUMER1X.GR_',  to: 'G:\ASTROW\NUMER1X.GRA'
[22] Using Windows VER.DLL to copy file: 'A:\PROGR4X.GR_',  to: 'G:\ASTROW\PROGR4X.GRA'
[22] Using Windows VER.DLL to copy file: 'A:\NUMER1X.OU_',  to: 'G:\ASTROW\NUMER1X.OUT'
[22] Using Windows VER.DLL to copy file: 'A:\COMPA3X.OU_',  to: 'G:\ASTROW\COMPA3X.OUT'
[22] Using Windows VER.DLL to copy file: 'A:\PROGR4X.OU_',  to: 'G:\ASTROW\PROGR4X.OUT'
[22] Using Windows VER.DLL to copy file: 'A:\NATAL0X.OU_',  to: 'G:\ASTROW\NATAL0X.OUT'
[22] Using Windows VER.DLL to copy file: 'A:\NATAL2X.OU_',  to: 'G:\ASTROW\NATAL2X.OUT'
[22] Using Windows VER.DLL to copy file: 'A:\NBIRTHBS.LS_',  to: 'G:\ASTROW\NBIRTHBS.LST'
[22] Using Windows VER.DLL to copy file: 'A:\NBIRTHBS.ND_',  to: 'G:\ASTROW\NBIRTHBS.NDX'
[22] Using Windows VER.DLL to copy file: 'A:\NBIRTHBS.DA_',  to: 'G:\ASTROW\NBIRTHBS.DAT'
[22] Using Windows VER.DLL to copy file: 'A:\LPOPLIST.ND_',  to: 'G:\ASTROW\LPOPLIST.NDX'
[22] Using Windows VER.DLL to copy file: 'A:\NLOCATIN.LS_',  to: 'G:\ASTROW\NLOCATIN.LST'
[22] Using Windows VER.DLL to copy file: 'A:\NLOCATIN.DA_',  to: 'G:\ASTROW\NLOCATIN.DAT'
[22] Using Windows VER.DLL to copy file: 'A:\NLOCATIN.ND_',  to: 'G:\ASTROW\NLOCATIN.NDX'
[55] Creating Ini Key (With Value) - file: 'C:\WINDOWS\ASTROW.INI',  section: 'Directories',  key: 'Main',  value: 'G:\ASTROW'
[55] Creating Ini Key (With Value) - file: 'C:\WINDOWS\ASTROW.INI',  section: 'Directories',  key: 'Data',  value: 'G:\ASTROW'
[55] Creating Ini Key (With Value) - file: 'C:\WINDOWS\ASTROW.INI',  section: 'Directories',  key: 'DB',  value: 'G:\ASTROW'
[55] Creating Ini Key (With Value) - file: 'C:\WINDOWS\ASTROW.INI',  section: 'Directories',  key: 'Help',  value: 'G:\ASTROW'
[55] Creating Ini Key (With Value) - file: 'C:\WINDOWS\ASTROW.INI',  section: 'Directories',  key: 'User',  value: 'G:\ASTROW'
Adding Font: AstGly
[55] Creating Ini Key (With Value) - file: 'WIN.INI',  section: 'fonts',  key: 'AstGlyphs (TrueType)',  value: 'AstGly.FOT'
Adding Font: AstPi1
[55] Creating Ini Key (With Value) - file: 'WIN.INI',  section: 'fonts',  key: 'Astro Pi #1 (TrueType)',  value: 'AstPi1.FOT'
Adding Font: CJNPi1
[55] Creating Ini Key (With Value) - file: 'WIN.INI',  section: 'fonts',  key: 'CJNPiFont!1 (TrueType)',  value: 'CJNPi1.FOT'
[55] Creating Ini Key (With Value) - file: 'C:\WINDOWS\ASTROW.INI',  section: 'Cover',  key: 'Astrologer',  value: 'Christopher J. Noyes'
[55] Creating Ini Key (With Value) - file: 'C:\WINDOWS\ASTROW.INI',  section: 'User',  key: 'Name',  value: 'Christopher J. Noyes'
[71] Creating ProgMan group: 'ASTRO for Windows',  path: 'C:\WINDOWS\ASTROW.GRP'
[73] Creating ProgMan item - group: 'ASTRO for Windows',  item: 'ASTRO For Windows,,,,,G:\ASTROW',  command: 'G:\ASTROW\ASTROW.EXE'
[71] Creating ProgMan group: 'ASTRO for Windows',  path: ''
[73] Creating ProgMan item - group: 'ASTRO for Windows',  item: 'ASTRO Help',  command: 'WINHELP.EXE G:\ASTROW\ASTROW.HLP'
[71] Creating ProgMan group: 'ASTRO for Windows',  path: ''
;;; Setup Log File Closed 12/23/97 15:32:05
